root@eltex-practice2-pg2-v6:~# journalctl -b --output=short-monotonic | awk 'match($0, /\[ *([0-9]+\.[0-9]+)\]/, a) { if(a[1] < 1.5) print }'
[    0.000000] localhost kernel: Linux version 6.8.0-55-generic (buildd@lcy02-amd64-095) (x86_64-linux-gnu-gcc-13 (Ubuntu 13.3.0-6ubuntu2~24.04) 13.3.0, GNU ld (GNU Binutils for Ubuntu) 2.42) #57-Ubuntu SMP PREEMPT_DYNAMIC Wed Feb 12 23:42:21 UTC 2025 (Ubuntu 6.8.0-55.57-generic 6.8.12)
[    0.000000] localhost kernel: Command line: BOOT_IMAGE=/vmlinuz-6.8.0-55-generic root=/dev/mapper/ubuntu--vg-ubuntu--lv ro
[    0.000000] localhost kernel: KERNEL supported cpus:
[    0.000000] localhost kernel:   Intel GenuineIntel
[    0.000000] localhost kernel:   AMD AuthenticAMD
[    0.000000] localhost kernel:   Hygon HygonGenuine
[    0.000000] localhost kernel:   Centaur CentaurHauls
[    0.000000] localhost kernel:   zhaoxin   Shanghai  
[    0.000000] localhost kernel: BIOS-provided physical RAM map:
...
[    1.358584] localhost kernel: xor: measuring software checksum speed
[    1.358734] localhost kernel:    prefetch64-sse  : 23692 MB/sec
[    1.358871] localhost kernel:    generic_sse     : 25290 MB/sec
[    1.358877] localhost kernel: xor: using function: generic_sse (25290 MB/sec)
[    1.359419] localhost kernel: async_tx: api initialized (async)
[    1.468054] localhost kernel: Btrfs loaded, zoned=yes, fsverity=yes
[    1.487692] localhost kernel: workqueue: drm_fb_helper_damage_work hogged CPU for >10000us 4 times, consider switching to WQ_UNBOUND
root@eltex-practice2-pg2-v6:~# 

root@eltex-practice2-pg2-v6:~# find / -type f -name "auth.log"
/var/log/auth.log
root@eltex-practice2-pg2-v6:~# awk '{printf "%s ", $3; for (i=4; i<=NF; i++) printf "%s ", $i; printf "\n"}' /var/log/auth.log | sed 's/\[[0-9]*\]//g' | sort
chage: changed password expiry for user1 
chage: changed password expiry for user2 
chage: changed password expiry for user3 
CRON: pam_unix(cron:session): session closed for user root 
CRON: pam_unix(cron:session): session closed for user root 
CRON: pam_unix(cron:session): session closed for user root 
CRON: pam_unix(cron:session): session closed for user root 
CRON: pam_unix(cron:session): session closed for user root 
...
systemd-logind: Session 823 logged out. Waiting for processes to exit. 
systemd-logind: Session 824 logged out. Waiting for processes to exit. 
(systemd): pam_unix(systemd-user:session): session opened for user root(uid=0) by root(uid=0) 
(systemd): pam_unix(systemd-user:session): session opened for user root(uid=0) by root(uid=0) 
(systemd): pam_unix(systemd-user:session): session opened for user root(uid=0) by root(uid=0) 
(systemd): pam_unix(systemd-user:session): session opened for user root(uid=0) by root(uid=0) 
root@eltex-practice2-pg2-v6:~# 

root@eltex-practice2-pg2-v6:~# awk '{printf "%s\n", $3}' /var/log/auth.log | sed 's/\[[0-9]*\]//g' | sort | uniq -c | sort -nr
   1142 CRON:
     93 su:
     42 sshd:
     25 systemd-logind:
      4 (systemd):
      3 sudo:
      3 chage:
      2 nologin:
root@eltex-practice2-pg2-v6:~# 

root@eltex-practice2-pg2-v6:~# awk -F: '$NF == "/usr/sbin/nologin" {print $3, $1}' /etc/passwd | while read uid user; do
    groups=$(id -Gn "$user")
    echo "$uid, $user, $groups"
done | sort -nr
65534, nobody, nogroup
1003, user3, user3 users extrausers
998, systemd-network, systemd-network
997, systemd-timesync, systemd-timesync
992, systemd-resolve, systemd-resolve
991, polkitd, polkitd
989, fwupd-refresh, fwupd-refresh
109, sshd, nogroup
108, usbmux, plugdev
107, landscape, landscape
105, tcpdump, tcpdump
104, uuidd, uuidd
103, syslog, syslog adm
101, messagebus, messagebus
42, _apt, nogroup
39, irc, irc
38, list, list
34, backup, backup
33, www-data, www-data
13, proxy, proxy
10, uucp, uucp
9, news, news
8, mail, mail
7, lp, lp
6, man, man
5, games, games
3, sys, sys
2, bin, bin
1, daemon, daemon
root@eltex-practice2-pg2-v6:~# 

root@eltex-practice2-pg2-v6:~# dmesg | grep 'kernel'
[    0.072911] Booting paravirtualized kernel on KVM
[    0.073816] Unknown kernel command line parameters "BOOT_IMAGE=/vmlinuz-6.8.0-55-generic", will be passed to user space.
[    0.121424] Memory: 3933488K/4193760K available (22528K kernel code, 4443K rwdata, 14344K rodata, 4988K init, 4716K bss, 260012K reserved, 0K cma-reserved)
[    0.525410] Loaded X.509 cert 'Build time autogenerated kernel key: e0bedf6fa049a1e09bd65ebab3904f14cdd5bc68'
[    0.682968] Loaded X.509 cert 'Build time autogenerated kernel key: e0bedf6fa049a1e09bd65ebab3904f14cdd5bc68'
[    0.702631] Freeing unused kernel image (initmem) memory: 4988K
[    0.703342] Write protecting the kernel read-only data: 38912k
[    0.704348] Freeing unused kernel image (rodata/data gap) memory: 2040K
[    4.791891] systemd[1]: Listening on systemd-udevd-kernel.socket - udev Kernel Socket.
[    5.056675] systemd[1]: Mounting sys-kernel-debug.mount - Kernel Debug File System...
[    5.057704] systemd[1]: Mounting sys-kernel-tracing.mount - Kernel Trace File System...
root@eltex-practice2-pg2-v6:~# 

root@eltex-practice2-pg2-v6:~# wc -l /var/log/kern.log
44 /var/log/kern.log

root@eltex-practice2-pg2-v6:~# awk -F': ' '
    /^Commandline:/ {cmd = $2}
    /^Start-Date:/ {start = $2}
    /^End-Date:/ {end = $2; print "Commandline: " cmd " ; Start-Date: " start " ; End-Date: " end}
' /var/log/apt/history.log
Commandline: apt-get install --reinstall apt ; Start-Date: 2025-02-16  20:51:22 ; End-Date: 2025-02-16  20:51:24
Commandline: apt-get install --reinstall base-files ; Start-Date: 2025-02-16  20:51:26 ; End-Date: 2025-02-16  20:51:28
Commandline: apt-get install --reinstall base-passwd ; Start-Date: 2025-02-16  20:51:31 ; End-Date: 2025-02-16  20:51:32

root@eltex-practice2-pg2-v6:~# awk -F': ' '
    /^Commandline:/ {cmd = $2}
    /^Start-Date:/ {start = $2}
    /^End-Date:/ {end = $2; print "Commandline: " cmd " ; Start-Date: " start " ; End-Date: " end}
' /var/log/apt/history.log
Commandline: apt-get install --reinstall apt ; Start-Date: 2025-02-16  20:51:22 ; End-Date: 2025-02-16  20:51:24
Commandline: apt-get install --reinstall base-files ; Start-Date: 2025-02-16  20:51:26 ; End-Date: 2025-02-16  20:51:28
Commandline: apt-get install --reinstall base-passwd ; Start-Date: 2025-02-16  20:51:31 ; End-Date: 2025-02-16  20:51:32
...
Commandline: apt dist-upgrade ; Start-Date: 2025-03-12  18:19:08 ; End-Date: 2025-03-12  18:21:04
Commandline: apt install vim qemu-guest-agent ; Start-Date: 2025-03-12  18:21:23 ; End-Date: 2025-03-12  18:21:31
Commandline: apt install 7zip ; Start-Date: 2025-03-17  11:29:11 ; End-Date: 2025-03-17  11:29:17
Commandline: apt install bzip2 ; Start-Date: 2025-03-17  11:43:01 ; End-Date: 2025-03-17  11:43:07
root@eltex-practice2-pg2-v6:~# 

